################################################################################
#                                                                              #
#      IAR Universal Linker V6.4.3.84                                          #
#                                                                              #
#           Link time     =  03/May/2016  14:44:57                             #
#           Target CPU    =  MSP430                                            #
#           List file     =  C:\Users\Tarik\Hex-Catch\Debug\List\hexcatch.map  #
#           Output file 1 =  C:\Users\Tarik\Hex-Catch\Debug\Exe\hexcatch.d43   #
#                            Format: ubrof10                                   #
#                            UBROF version 10.0.6                              #
#                            Using library modules for C-SPY (-rt)             #
#           Command line  =  C:\Users\Tarik\Hex-Catch\Debug\Obj\hexcatch.r43   #
#                            -o                                                #
#                            C:\Users\Tarik\Hex-Catch\Debug\Exe\hexcatch.d43   #
#                            -l                                                #
#                            C:\Users\Tarik\Hex-Catch\Debug\List\hexcatch.map  #
#                            -xms                                              #
#                            "-IC:\Program Files (x86)\IAR Systems\Embedded Wo #
#                            rkbench 7.3\430\LIB\"                             #
#                            -f                                                #
#                            "C:\Program Files (x86)\IAR Systems\Embedded Work #
#                            bench 7.3\430\config\linker\lnk430g2553.xcl"      #
#                            (-cmsp430 -QCODE_I=CODE_ID -QTLS16_I=TLS16_ID     #
#                            -Z(CONST)INFO=1000-10FF                           #
#                            -Z(CONST)INFOA=10C0-10FF                          #
#                            -Z(CONST)INFOB=1080-10BF                          #
#                            -Z(CONST)INFOC=1040-107F                          #
#                            -Z(CONST)INFOD=1000-103F                          #
#                            -Z(DATA)DATA16_I,DATA16_Z,DATA16_N,TLS16_I=0200-0 #
#                            3FF                                               #
#                            -Z(DATA)DATA16_HEAP+_DATA16_HEAP_SIZE             #
#                            -Z(DATA)CODE_I -Z(DATA)CSTACK+_STACK_SIZE#        #
#                            -Z(CONST)DATA16_C,DATA16_ID,TLS16_ID,DIFUNCT,CHEC #
#                            KSUM=C000-FFDD                                    #
#                            -Z(CODE)CSTART,ISR_CODE,CODE_ID=C000-FFDD         #
#                            -P(CODE)CODE=C000-FFDD                            #
#                            -Z(CONST)SIGNATURE=FFDE-FFDF                      #
#                            -Z(CODE)INTVEC=FFE0-FFFF                          #
#                            -Z(CODE)RESET=FFFE-FFFF) -D_STACK_SIZE=50 -rt     #
#                            -D_DATA16_HEAP_SIZE=50 -D_DATA20_HEAP_SIZE=50     #
#                                                                              #
#                           Copyright (C) 1987-2016 IAR Systems AB.            #
################################################################################





                ****************************************
                *                                      *
                *           CROSS REFERENCE            *
                *                                      *
                ****************************************

                  There are no program entries.


                ****************************************
                *                                      *
                *    AUTOMATIC SYMBOL REDIRECTIONS     *
                *                                      *
                ****************************************

                  There are no automatic symbol redirections.



                ****************************************
                *                                      *
                *              MODULE MAP              *
                *                                      *
                ****************************************


  DEFINED ABSOLUTE ENTRIES
    *************************************************************************

  DEFINED ABSOLUTE ENTRIES
  PROGRAM MODULE, NAME : ?ABS_ENTRY_MOD

Absolute parts
           ENTRY                   ADDRESS         REF BY
           =====                   =======         ======
           _DATA20_HEAP_SIZE       0050 
           _DATA16_HEAP_SIZE       0050 
           _STACK_SIZE             0050 
    *************************************************************************

  FILE NAME : C:\Users\Tarik\Hex-Catch\Debug\Obj\hexcatch.r43
  PROGRAM MODULE, NAME : hexcatch

Absolute parts
     C000 - C897
     FFE6 - FFE7
     FFFE - FFFF
           LOCAL                   ADDRESS         
           =====                   =======         
           __MSP430G2203__         0000 
           RESET                   C000 
           StopWDT                 C004 
           SetupP1                 C00A 
           SetupP2                 C012 
           SETENABLE               C87C 
           Game                    C172 
           GameOver                C05C 
           ClrLine2                C6CE 
           GameOverLoop            C0E2 
           Delay                   C88E 
           Victory                 C0EC 
           VictoryLoop             C168 
           LSelect                 C186 
           FirstLine               C5C6 
           DiffTextPrint           C7D0 
           DefaultDiff             C198 
           EasyText                C5E6 
           MainLoop                C1A4 
           LTRANSISTOR             C1A8 
           ClrLine1                C6B0 
           GameCounter             C516 
           GameController          C5A4 
           ToL1                    C20C 
           LNAND                   C20E 
           ToL2                    C260 
           LFLIPFLOP               C262 
           LCOUNTER                C384 
           LREGISTER               C2FA 
           LALU                    C400 
           LCPU                    C442 
           LMCU                    C484 
           PBISR                   C4B4 
           RedButton               C4B8 
           WhiteBtn                C4C8 
           INTEROUT                C4CC 
           SelectButton            C4D4 
           StartToggle             C4DE 
           DoReset                 C4DA 
           TextPrint1              C4EA 
           TextPrint2              C4F8 
           TextPrint3              C506 
           IFELOUT                 C514 
           MediumText              C620 
           HardText                C676 
           SecondLine              C5D6 
           Print0_9                C528 
           LCDNumberPrint          C56E 
           LoopOut                 C56A 
           PrintA_F                C54A 
           CounterDataEn           C57E 
           PrintOut                C57C 
           LevelDelay              C58C 
           DelayLoop               C590 
           DelayLoopOut            C5A2 
           CMPELSE                 C5AE 
           WINCHECK                C5B2 
           ZEROCHECK               C5BA 
           ControllerEnd           C5C4 
           LOSE                    C5C2 
           ClearLine               C6EC 
           DELAY                   C884 
           CLEARENABLE             C888 
           L2                      C892 



                ****************************************
                *                                      *
                *      SEGMENTS IN ADDRESS ORDER       *
                *                                      *
                ****************************************


SEGMENT              SPACE    START ADDRESS   END ADDRESS     SIZE  TYPE  ALIGN
=======              =====    =============   ===========     ====  ====  =====
                                       C000 - C897             898  aseg  
                                       FFE6 - FFE7               2  aseg  
                                       FFFE - FFFF               2  aseg  

                ****************************************
                *                                      *
                *        END OF CROSS REFERENCE        *
                *                                      *
                ****************************************

 0 bytes of CODE memory (+ 2 204 absolute )

Errors: none
Warnings: none

